[2024-11-20 03:49:47,939 main.py:229 INFO] Detected system ID: KnownSystem.Nvidia_85911e5ad61f
/home/cmuser/.local/lib/python3.8/site-packages/torchvision/datapoints/__init__.py:12: UserWarning: The torchvision.datapoints and torchvision.transforms.v2 namespaces are still Beta. While we do not expect major breaking changes, some APIs may still change according to user feedback. Please submit any feedback you may have in this issue: https://github.com/pytorch/vision/issues/6753, and you can also check out https://github.com/pytorch/vision/issues/7319 to learn more about the APIs that we suspect might involve future changes. You can silence this warning by calling torchvision.disable_beta_transforms_warning().
  warnings.warn(_BETA_TRANSFORMS_WARNING)
/home/cmuser/.local/lib/python3.8/site-packages/torchvision/transforms/v2/__init__.py:54: UserWarning: The torchvision.datapoints and torchvision.transforms.v2 namespaces are still Beta. While we do not expect major breaking changes, some APIs may still change according to user feedback. Please submit any feedback you may have in this issue: https://github.com/pytorch/vision/issues/6753, and you can also check out https://github.com/pytorch/vision/issues/7319 to learn more about the APIs that we suspect might involve future changes. You can silence this warning by calling torchvision.disable_beta_transforms_warning().
  warnings.warn(_BETA_TRANSFORMS_WARNING)
[2024-11-20 03:49:49,497 generate_conf_files.py:107 INFO] Generated measurements/ entries for Nvidia_85911e5ad61f_TRT/stable-diffusion-xl/Offline
[2024-11-20 03:49:49,498 __init__.py:46 INFO] Running command: python3 -m code.stable-diffusion-xl.tensorrt.harness --logfile_outdir="/cm-mount/home/arjun/scc_gh_action_results/test_results/85911e5ad61f-nvidia_original-gpu-tensorrt-vdefault-scc24-base/stable-diffusion-xl/offline/accuracy" --logfile_prefix="mlperf_log_" --performance_sample_count=5000 --test_mode="AccuracyOnly" --gpu_batch_size=2 --mlperf_conf_path="/home/cmuser/CM/repos/local/cache/5b43534e158a4a3a/inference/mlperf.conf" --tensor_path="build/preprocessed_data/coco2014-tokenized-sdxl/5k_dataset_final/" --use_graphs=false --user_conf_path="/home/cmuser/CM/repos/gateoverflow@cm4mlops/script/generate-mlperf-inference-user-conf/tmp/886382878ab046f2aa388dbb6448364e.conf" --gpu_inference_streams=1 --gpu_copy_streams=1 --gpu_engines="./build/engines/Nvidia_85911e5ad61f/stable-diffusion-xl/Offline/stable-diffusion-xl-CLIP-Offline-gpu-b2-fp16.custom_k_99_MaxP.plan,./build/engines/Nvidia_85911e5ad61f/stable-diffusion-xl/Offline/stable-diffusion-xl-CLIPWithProj-Offline-gpu-b2-fp16.custom_k_99_MaxP.plan,./build/engines/Nvidia_85911e5ad61f/stable-diffusion-xl/Offline/stable-diffusion-xl-UNetXL-Offline-gpu-b2-int8.custom_k_99_MaxP.plan,./build/engines/Nvidia_85911e5ad61f/stable-diffusion-xl/Offline/stable-diffusion-xl-VAE-Offline-gpu-b2-fp32.custom_k_99_MaxP.plan" --scenario Offline --model stable-diffusion-xl
[2024-11-20 03:49:49,498 __init__.py:53 INFO] Overriding Environment
/home/cmuser/.local/lib/python3.8/site-packages/torchvision/datapoints/__init__.py:12: UserWarning: The torchvision.datapoints and torchvision.transforms.v2 namespaces are still Beta. While we do not expect major breaking changes, some APIs may still change according to user feedback. Please submit any feedback you may have in this issue: https://github.com/pytorch/vision/issues/6753, and you can also check out https://github.com/pytorch/vision/issues/7319 to learn more about the APIs that we suspect might involve future changes. You can silence this warning by calling torchvision.disable_beta_transforms_warning().
  warnings.warn(_BETA_TRANSFORMS_WARNING)
/home/cmuser/.local/lib/python3.8/site-packages/torchvision/transforms/v2/__init__.py:54: UserWarning: The torchvision.datapoints and torchvision.transforms.v2 namespaces are still Beta. While we do not expect major breaking changes, some APIs may still change according to user feedback. Please submit any feedback you may have in this issue: https://github.com/pytorch/vision/issues/6753, and you can also check out https://github.com/pytorch/vision/issues/7319 to learn more about the APIs that we suspect might involve future changes. You can silence this warning by calling torchvision.disable_beta_transforms_warning().
  warnings.warn(_BETA_TRANSFORMS_WARNING)
[2024-11-20 03:49:51,635 backend.py:71 INFO] Loading TensorRT engine: ./build/engines/Nvidia_85911e5ad61f/stable-diffusion-xl/Offline/stable-diffusion-xl-CLIP-Offline-gpu-b2-fp16.custom_k_99_MaxP.plan.
[2024-11-20 03:49:51,821 backend.py:71 INFO] Loading TensorRT engine: ./build/engines/Nvidia_85911e5ad61f/stable-diffusion-xl/Offline/stable-diffusion-xl-CLIPWithProj-Offline-gpu-b2-fp16.custom_k_99_MaxP.plan.
[2024-11-20 03:49:52,606 backend.py:71 INFO] Loading TensorRT engine: ./build/engines/Nvidia_85911e5ad61f/stable-diffusion-xl/Offline/stable-diffusion-xl-UNetXL-Offline-gpu-b2-int8.custom_k_99_MaxP.plan.
[2024-11-20 03:49:54,061 backend.py:71 INFO] Loading TensorRT engine: ./build/engines/Nvidia_85911e5ad61f/stable-diffusion-xl/Offline/stable-diffusion-xl-VAE-Offline-gpu-b2-fp32.custom_k_99_MaxP.plan.
[2024-11-20 03:49:55,458 backend.py:71 INFO] Loading TensorRT engine: ./build/engines/Nvidia_85911e5ad61f/stable-diffusion-xl/Offline/stable-diffusion-xl-CLIP-Offline-gpu-b2-fp16.custom_k_99_MaxP.plan.
[2024-11-20 03:49:55,591 backend.py:71 INFO] Loading TensorRT engine: ./build/engines/Nvidia_85911e5ad61f/stable-diffusion-xl/Offline/stable-diffusion-xl-CLIPWithProj-Offline-gpu-b2-fp16.custom_k_99_MaxP.plan.
[2024-11-20 03:49:56,295 backend.py:71 INFO] Loading TensorRT engine: ./build/engines/Nvidia_85911e5ad61f/stable-diffusion-xl/Offline/stable-diffusion-xl-UNetXL-Offline-gpu-b2-int8.custom_k_99_MaxP.plan.
[2024-11-20 03:49:57,734 backend.py:71 INFO] Loading TensorRT engine: ./build/engines/Nvidia_85911e5ad61f/stable-diffusion-xl/Offline/stable-diffusion-xl-VAE-Offline-gpu-b2-fp32.custom_k_99_MaxP.plan.
[2024-11-20 03:49:58,932 harness.py:207 INFO] Start Warm Up!
[2024-11-20 03:50:10,730 harness.py:209 INFO] Warm Up Done!
[2024-11-20 03:50:10,730 harness.py:211 INFO] Start Test!
[2024-11-20 03:50:48,738 backend.py:801 INFO] [Server] Received 50 total samples
[2024-11-20 03:50:48,739 backend.py:809 INFO] [Device 0] Reported 26 samples
[2024-11-20 03:50:48,739 backend.py:809 INFO] [Device 1] Reported 24 samples
[2024-11-20 03:50:48,739 harness.py:214 INFO] Test Done!
[2024-11-20 03:50:48,739 harness.py:216 INFO] Destroying SUT...
[2024-11-20 03:50:48,739 harness.py:219 INFO] Destroying QSL...
benchmark : Benchmark.SDXL
buffer_manager_thread_count : 0
data_dir : /home/cmuser/CM/repos/local/cache/e066920512fd47b7/data
gpu_batch_size : 2
gpu_copy_streams : 1
gpu_inference_streams : 1
input_dtype : int32
input_format : linear
log_dir : /home/cmuser/CM/repos/local/cache/e0e53f17cf2744e0/repo/closed/NVIDIA/build/logs/2024.11.20-03.49.46
mlperf_conf_path : /home/cmuser/CM/repos/local/cache/5b43534e158a4a3a/inference/mlperf.conf
model_path : /home/cmuser/CM/repos/local/cache/e066920512fd47b7/models/SDXL/
offline_expected_qps : 0.0
precision : int8
preprocessed_data_dir : /home/cmuser/CM/repos/local/cache/e066920512fd47b7/preprocessed_data
scenario : Scenario.Offline
system : SystemConfiguration(host_cpu_conf=CPUConfiguration(layout={CPU(name='Intel(R) Xeon(R) w7-2495X', architecture=<CPUArchitecture.x86_64: AliasedName(name='x86_64', aliases=(), patterns=())>, core_count=24, threads_per_core=2): 1}), host_mem_conf=MemoryConfiguration(host_memory_capacity=Memory(quantity=197.330052, byte_suffix=<ByteSuffix.GB: (1000, 3)>, _num_bytes=197330052000), comparison_tolerance=0.05), accelerator_conf=AcceleratorConfiguration(layout=defaultdict(<class 'int'>, {GPU(name='NVIDIA GeForce RTX 4090', accelerator_type=<AcceleratorType.Discrete: AliasedName(name='Discrete', aliases=(), patterns=())>, vram=Memory(quantity=23.98828125, byte_suffix=<ByteSuffix.GiB: (1024, 3)>, _num_bytes=25757220864), max_power_limit=450.0, pci_id='0x268410DE', compute_sm=89): 1, GPU(name='NVIDIA GeForce RTX 4090', accelerator_type=<AcceleratorType.Discrete: AliasedName(name='Discrete', aliases=(), patterns=())>, vram=Memory(quantity=23.98828125, byte_suffix=<ByteSuffix.GiB: (1024, 3)>, _num_bytes=25757220864), max_power_limit=500.0, pci_id='0x268410DE', compute_sm=89): 1})), numa_conf=NUMAConfiguration(numa_nodes={}, num_numa_nodes=1), system_id='Nvidia_85911e5ad61f')
tensor_path : build/preprocessed_data/coco2014-tokenized-sdxl/5k_dataset_final/
test_mode : AccuracyOnly
use_graphs : False
user_conf_path : /home/cmuser/CM/repos/gateoverflow@cm4mlops/script/generate-mlperf-inference-user-conf/tmp/886382878ab046f2aa388dbb6448364e.conf
system_id : Nvidia_85911e5ad61f
config_name : Nvidia_85911e5ad61f_stable-diffusion-xl_Offline
workload_setting : WorkloadSetting(HarnessType.Custom, AccuracyTarget.k_99, PowerSetting.MaxP)
optimization_level : plugin-enabled
num_profiles : 1
config_ver : custom_k_99_MaxP
accuracy_level : 99%
inference_server : custom
skip_file_checks : False
power_limit : None
cpu_freq : None
[I] Loading bytes from ./build/engines/Nvidia_85911e5ad61f/stable-diffusion-xl/Offline/stable-diffusion-xl-CLIP-Offline-gpu-b2-fp16.custom_k_99_MaxP.plan
[I] Loading bytes from ./build/engines/Nvidia_85911e5ad61f/stable-diffusion-xl/Offline/stable-diffusion-xl-CLIPWithProj-Offline-gpu-b2-fp16.custom_k_99_MaxP.plan
[I] Loading bytes from ./build/engines/Nvidia_85911e5ad61f/stable-diffusion-xl/Offline/stable-diffusion-xl-UNetXL-Offline-gpu-b2-int8.custom_k_99_MaxP.plan
[I] Loading bytes from ./build/engines/Nvidia_85911e5ad61f/stable-diffusion-xl/Offline/stable-diffusion-xl-VAE-Offline-gpu-b2-fp32.custom_k_99_MaxP.plan
[I] Loading bytes from ./build/engines/Nvidia_85911e5ad61f/stable-diffusion-xl/Offline/stable-diffusion-xl-CLIP-Offline-gpu-b2-fp16.custom_k_99_MaxP.plan
[W] Using an engine plan file across different models of devices is not recommended and is likely to affect performance or even cause errors.
[I] Loading bytes from ./build/engines/Nvidia_85911e5ad61f/stable-diffusion-xl/Offline/stable-diffusion-xl-CLIPWithProj-Offline-gpu-b2-fp16.custom_k_99_MaxP.plan
[I] Loading bytes from ./build/engines/Nvidia_85911e5ad61f/stable-diffusion-xl/Offline/stable-diffusion-xl-UNetXL-Offline-gpu-b2-int8.custom_k_99_MaxP.plan
[I] Loading bytes from ./build/engines/Nvidia_85911e5ad61f/stable-diffusion-xl/Offline/stable-diffusion-xl-VAE-Offline-gpu-b2-fp32.custom_k_99_MaxP.plan
[2024-11-20 03:50:49,246 run_harness.py:166 INFO] Result: Accuracy run detected.
 
======================== Result summaries: ========================

